*** EVALUATION ***
PROGRAM "D:\Profiles\10863001\Desktop\working version\hakkamukka-es_project-c9d1192\hakkamukka-es_project-c9d1192\bin\P&E_Multilink_CyclonePro.abs"

*********************************************************************************************
TARGET SECTION
---------------------------------------------------------------------------------------------
Processor   : Freescale HC12
Memory Model: SMALL
File Format : ELF\DWARF 2.0
Linker      : SmartLinker V-5.0.36 Build 9056, Feb 26 2009

*********************************************************************************************
FILE SECTION
---------------------------------------------------------------------------------------------
mc9s12a256.c.o                          Model: SMALL,         Lang: ANSI-C
main.c.o                                Model: SMALL,         Lang: ANSI-C
Start12.c.o                             Model: SMALL,         Lang: ANSI-C
rtshc12.c.o (ansisi.lib)                Model: SMALL,         Lang: ANSI-C
analog.c.o                              Model: SMALL,         Lang: ANSI-C
clock.c.o                               Model: SMALL,         Lang: ANSI-C
CRG.c.o                                 Model: SMALL,         Lang: ANSI-C
EEPROM.c.o                              Model: SMALL,         Lang: ANSI-C
FIFO.c.o                                Model: SMALL,         Lang: ANSI-C
packet.c.o                              Model: SMALL,         Lang: ANSI-C
SCI.c.o                                 Model: SMALL,         Lang: ANSI-C
SPI.c.o                                 Model: SMALL,         Lang: ANSI-C
timer.c.o                               Model: SMALL,         Lang: ANSI-C
HMI.c.o                                 Model: SMALL,         Lang: ANSI-C
buttons.c.o                             Model: SMALL,         Lang: ANSI-C
LCD.c.o                                 Model: SMALL,         Lang: ANSI-C
calc.c.o                                Model: SMALL,         Lang: ANSI-C
DEM.c.o                                 Model: SMALL,         Lang: ANSI-C

*********************************************************************************************
STARTUP SECTION
---------------------------------------------------------------------------------------------
Entry point: 0xC029 (_Startup)
_startupData is allocated at 0xC031 and uses 6 Bytes
extern struct _tagStartup {
  unsigned nofZeroOut     1
  _Range   pZeroOut       0x1100     713
  _Copy    *toCopyDownBeg 0xE7C0
} _startupData;

*********************************************************************************************
SECTION-ALLOCATION SECTION
Section Name                    Size  Type     From       To       Segment
---------------------------------------------------------------------------------------------
.init                             49     R     0xC000     0xC030   ROM_C000
.startData                        10     R     0xC031     0xC03A   ROM_C000
.rodata                          518     R     0xC03B     0xC240   ROM_C000
.rodata1                        1419     R     0xC241     0xC7CB   ROM_C000
.text                           7731     R     0xC7CC     0xE5FE   ROM_C000
.copy                              7     R     0xE7C0     0xE7C6   ROM_C000
.stack                           256   R/W     0x1000     0x10FF   RAM
.data                              2   R/W     0x1100     0x1101   RAM
.abs_section_8                     1   N/I        0x8        0x8   .absSeg0
.abs_section_9                     1   N/I        0x9        0x9   .absSeg1
.abs_section_a                     1   N/I        0xA        0xA   .absSeg2
.abs_section_b                     1   N/I        0xB        0xB   .absSeg3
.abs_section_c                     1   N/I        0xC        0xC   .absSeg4
.abs_section_d                     1   N/I        0xD        0xD   .absSeg5
.abs_section_e                     1   N/I        0xE        0xE   .absSeg6
.abs_section_10                    1   N/I       0x10       0x10   .absSeg7
.abs_section_11                    1   N/I       0x11       0x11   .absSeg8
.abs_section_12                    1   N/I       0x12       0x12   .absSeg9
.abs_section_13                    1   N/I       0x13       0x13   .absSeg10
.abs_section_15                    1   N/I       0x15       0x15   .absSeg11
.abs_section_16                    1   N/I       0x16       0x16   .absSeg12
.abs_section_1c                    1   N/I       0x1C       0x1C   .absSeg13
.abs_section_1d                    1   N/I       0x1D       0x1D   .absSeg14
.abs_section_1e                    1   N/I       0x1E       0x1E   .absSeg15
.abs_section_1f                    1   N/I       0x1F       0x1F   .absSeg16
.abs_section_28                    1   N/I       0x28       0x28   .absSeg17
.abs_section_29                    1   N/I       0x29       0x29   .absSeg18
.abs_section_2a                    1   N/I       0x2A       0x2A   .absSeg19
.abs_section_2b                    1   N/I       0x2B       0x2B   .absSeg20
.abs_section_2c                    1   N/I       0x2C       0x2C   .absSeg21
.abs_section_2d                    1   N/I       0x2D       0x2D   .absSeg22
.abs_section_2e                    1   N/I       0x2E       0x2E   .absSeg23
.abs_section_2f                    1   N/I       0x2F       0x2F   .absSeg24
.abs_section_30                    1   N/I       0x30       0x30   .absSeg25
.abs_section_32                    1   N/I       0x32       0x32   .absSeg26
.abs_section_33                    1   N/I       0x33       0x33   .absSeg27
.abs_section_34                    1   N/I       0x34       0x34   .absSeg28
.abs_section_35                    1   N/I       0x35       0x35   .absSeg29
.abs_section_37                    1   N/I       0x37       0x37   .absSeg30
.abs_section_38                    1   N/I       0x38       0x38   .absSeg31
.abs_section_39                    1   N/I       0x39       0x39   .absSeg32
.abs_section_3a                    1   N/I       0x3A       0x3A   .absSeg33
.abs_section_3b                    1   N/I       0x3B       0x3B   .absSeg34
.abs_section_3c                    1   N/I       0x3C       0x3C   .absSeg35
.abs_section_3f                    1   N/I       0x3F       0x3F   .absSeg36
.abs_section_40                    1   N/I       0x40       0x40   .absSeg37
.abs_section_41                    1   N/I       0x41       0x41   .absSeg38
.abs_section_42                    1   N/I       0x42       0x42   .absSeg39
.abs_section_43                    1   N/I       0x43       0x43   .absSeg40
.abs_section_46                    1   N/I       0x46       0x46   .absSeg41
.abs_section_47                    1   N/I       0x47       0x47   .absSeg42
.abs_section_48                    1   N/I       0x48       0x48   .absSeg43
.abs_section_49                    1   N/I       0x49       0x49   .absSeg44
.abs_section_4a                    1   N/I       0x4A       0x4A   .absSeg45
.abs_section_4b                    1   N/I       0x4B       0x4B   .absSeg46
.abs_section_4c                    1   N/I       0x4C       0x4C   .absSeg47
.abs_section_4d                    1   N/I       0x4D       0x4D   .absSeg48
.abs_section_4e                    1   N/I       0x4E       0x4E   .absSeg49
.abs_section_4f                    1   N/I       0x4F       0x4F   .absSeg50
.abs_section_60                    1   N/I       0x60       0x60   .absSeg51
.abs_section_61                    1   N/I       0x61       0x61   .absSeg52
.abs_section_66                    1   N/I       0x66       0x66   .absSeg53
.abs_section_67                    1   N/I       0x67       0x67   .absSeg54
.abs_section_68                    1   N/I       0x68       0x68   .absSeg55
.abs_section_69                    1   N/I       0x69       0x69   .absSeg56
.abs_section_6a                    1   N/I       0x6A       0x6A   .absSeg57
.abs_section_6b                    1   N/I       0x6B       0x6B   .absSeg58
.abs_section_70                    1   N/I       0x70       0x70   .absSeg59
.abs_section_71                    1   N/I       0x71       0x71   .absSeg60
.abs_section_86                    1   N/I       0x86       0x86   .absSeg61
.abs_section_89                    1   N/I       0x89       0x89   .absSeg62
.abs_section_8b                    1   N/I       0x8B       0x8B   .absSeg63
.abs_section_8d                    1   N/I       0x8D       0x8D   .absSeg64
.abs_section_8f                    1   N/I       0x8F       0x8F   .absSeg65
.abs_section_a0                    1   N/I       0xA0       0xA0   .absSeg66
.abs_section_a1                    1   N/I       0xA1       0xA1   .absSeg67
.abs_section_a2                    1   N/I       0xA2       0xA2   .absSeg68
.abs_section_a3                    1   N/I       0xA3       0xA3   .absSeg69
.abs_section_a4                    1   N/I       0xA4       0xA4   .absSeg70
.abs_section_a5                    1   N/I       0xA5       0xA5   .absSeg71
.abs_section_a8                    1   N/I       0xA8       0xA8   .absSeg72
.abs_section_a9                    1   N/I       0xA9       0xA9   .absSeg73
.abs_section_c4                    1   N/I       0xC4       0xC4   .absSeg74
.abs_section_ca                    1   N/I       0xCA       0xCA   .absSeg75
.abs_section_cb                    1   N/I       0xCB       0xCB   .absSeg76
.abs_section_cc                    1   N/I       0xCC       0xCC   .absSeg77
.abs_section_cd                    1   N/I       0xCD       0xCD   .absSeg78
.abs_section_ce                    1   N/I       0xCE       0xCE   .absSeg79
.abs_section_cf                    1   N/I       0xCF       0xCF   .absSeg80
.abs_section_d2                    1   N/I       0xD2       0xD2   .absSeg81
.abs_section_d3                    1   N/I       0xD3       0xD3   .absSeg82
.abs_section_d4                    1   N/I       0xD4       0xD4   .absSeg83
.abs_section_d5                    1   N/I       0xD5       0xD5   .absSeg84
.abs_section_d6                    1   N/I       0xD6       0xD6   .absSeg85
.abs_section_d7                    1   N/I       0xD7       0xD7   .absSeg86
.abs_section_d8                    1   N/I       0xD8       0xD8   .absSeg87
.abs_section_d9                    1   N/I       0xD9       0xD9   .absSeg88
.abs_section_da                    1   N/I       0xDA       0xDA   .absSeg89
.abs_section_db                    1   N/I       0xDB       0xDB   .absSeg90
.abs_section_dd                    1   N/I       0xDD       0xDD   .absSeg91
.abs_section_e0                    1   N/I       0xE0       0xE0   .absSeg92
.abs_section_e1                    1   N/I       0xE1       0xE1   .absSeg93
.abs_section_e2                    1   N/I       0xE2       0xE2   .absSeg94
.abs_section_e3                    1   N/I       0xE3       0xE3   .absSeg95
.abs_section_e4                    1   N/I       0xE4       0xE4   .absSeg96
.abs_section_f0                    1   N/I       0xF0       0xF0   .absSeg97
.abs_section_f1                    1   N/I       0xF1       0xF1   .absSeg98
.abs_section_f2                    1   N/I       0xF2       0xF2   .absSeg99
.abs_section_f3                    1   N/I       0xF3       0xF3   .absSeg100
.abs_section_f5                    1   N/I       0xF5       0xF5   .absSeg101
.abs_section_f8                    1   N/I       0xF8       0xF8   .absSeg102
.abs_section_f9                    1   N/I       0xF9       0xF9   .absSeg103
.abs_section_fa                    1   N/I       0xFA       0xFA   .absSeg104
.abs_section_fb                    1   N/I       0xFB       0xFB   .absSeg105
.abs_section_fd                    1   N/I       0xFD       0xFD   .absSeg106
.abs_section_100                   1   N/I      0x100      0x100   .absSeg107
.abs_section_101                   1   N/I      0x101      0x101   .absSeg108
.abs_section_103                   1   N/I      0x103      0x103   .absSeg109
.abs_section_104                   1   N/I      0x104      0x104   .absSeg110
.abs_section_105                   1   N/I      0x105      0x105   .absSeg111
.abs_section_106                   1   N/I      0x106      0x106   .absSeg112
.abs_section_110                   1   N/I      0x110      0x110   .absSeg113
.abs_section_113                   1   N/I      0x113      0x113   .absSeg114
.abs_section_114                   1   N/I      0x114      0x114   .absSeg115
.abs_section_115                   1   N/I      0x115      0x115   .absSeg116
.abs_section_116                   1   N/I      0x116      0x116   .absSeg117
.abs_section_126                   1   N/I      0x126      0x126   .absSeg118
.abs_section_129                   1   N/I      0x129      0x129   .absSeg119
.abs_section_12b                   1   N/I      0x12B      0x12B   .absSeg120
.abs_section_12d                   1   N/I      0x12D      0x12D   .absSeg121
.abs_section_12f                   1   N/I      0x12F      0x12F   .absSeg122
.abs_section_240                   1   N/I      0x240      0x240   .absSeg123
.abs_section_241                   1   N/I      0x241      0x241   .absSeg124
.abs_section_242                   1   N/I      0x242      0x242   .absSeg125
.abs_section_243                   1   N/I      0x243      0x243   .absSeg126
.abs_section_244                   1   N/I      0x244      0x244   .absSeg127
.abs_section_245                   1   N/I      0x245      0x245   .absSeg128
.abs_section_248                   1   N/I      0x248      0x248   .absSeg129
.abs_section_249                   1   N/I      0x249      0x249   .absSeg130
.abs_section_24a                   1   N/I      0x24A      0x24A   .absSeg131
.abs_section_24b                   1   N/I      0x24B      0x24B   .absSeg132
.abs_section_24c                   1   N/I      0x24C      0x24C   .absSeg133
.abs_section_24d                   1   N/I      0x24D      0x24D   .absSeg134
.abs_section_24e                   1   N/I      0x24E      0x24E   .absSeg135
.abs_section_250                   1   N/I      0x250      0x250   .absSeg136
.abs_section_251                   1   N/I      0x251      0x251   .absSeg137
.abs_section_252                   1   N/I      0x252      0x252   .absSeg138
.abs_section_253                   1   N/I      0x253      0x253   .absSeg139
.abs_section_254                   1   N/I      0x254      0x254   .absSeg140
.abs_section_255                   1   N/I      0x255      0x255   .absSeg141
.abs_section_256                   1   N/I      0x256      0x256   .absSeg142
.abs_section_257                   1   N/I      0x257      0x257   .absSeg143
.abs_section_258                   1   N/I      0x258      0x258   .absSeg144
.abs_section_259                   1   N/I      0x259      0x259   .absSeg145
.abs_section_25a                   1   N/I      0x25A      0x25A   .absSeg146
.abs_section_25b                   1   N/I      0x25B      0x25B   .absSeg147
.abs_section_25c                   1   N/I      0x25C      0x25C   .absSeg148
.abs_section_25d                   1   N/I      0x25D      0x25D   .absSeg149
.abs_section_25e                   1   N/I      0x25E      0x25E   .absSeg150
.abs_section_25f                   1   N/I      0x25F      0x25F   .absSeg151
.abs_section_260                   1   N/I      0x260      0x260   .absSeg152
.abs_section_261                   1   N/I      0x261      0x261   .absSeg153
.abs_section_262                   1   N/I      0x262      0x262   .absSeg154
.abs_section_263                   1   N/I      0x263      0x263   .absSeg155
.abs_section_264                   1   N/I      0x264      0x264   .absSeg156
.abs_section_265                   1   N/I      0x265      0x265   .absSeg157
.abs_section_266                   1   N/I      0x266      0x266   .absSeg158
.abs_section_267                   1   N/I      0x267      0x267   .absSeg159
.abs_section_268                   1   N/I      0x268      0x268   .absSeg160
.abs_section_269                   1   N/I      0x269      0x269   .absSeg161
.abs_section_26a                   1   N/I      0x26A      0x26A   .absSeg162
.abs_section_26b                   1   N/I      0x26B      0x26B   .absSeg163
.abs_section_26c                   1   N/I      0x26C      0x26C   .absSeg164
.abs_section_26d                   1   N/I      0x26D      0x26D   .absSeg165
.abs_section_26e                   1   N/I      0x26E      0x26E   .absSeg166
.abs_section_26f                   1   N/I      0x26F      0x26F   .absSeg167
.abs_section_0                     2   N/I        0x0        0x1   .absSeg168
.abs_section_2                     2   N/I        0x2        0x3   .absSeg169
.abs_section_1a                    2   N/I       0x1A       0x1B   .absSeg170
.abs_section_44                    2   N/I       0x44       0x45   .absSeg171
.abs_section_50                    2   N/I       0x50       0x51   .absSeg172
.abs_section_52                    2   N/I       0x52       0x53   .absSeg173
.abs_section_54                    2   N/I       0x54       0x55   .absSeg174
.abs_section_56                    2   N/I       0x56       0x57   .absSeg175
.abs_section_58                    2   N/I       0x58       0x59   .absSeg176
.abs_section_5a                    2   N/I       0x5A       0x5B   .absSeg177
.abs_section_5c                    2   N/I       0x5C       0x5D   .absSeg178
.abs_section_5e                    2   N/I       0x5E       0x5F   .absSeg179
.abs_section_62                    2   N/I       0x62       0x63   .absSeg180
.abs_section_64                    2   N/I       0x64       0x65   .absSeg181
.abs_section_72                    2   N/I       0x72       0x73   .absSeg182
.abs_section_74                    2   N/I       0x74       0x75   .absSeg183
.abs_section_76                    2   N/I       0x76       0x77   .absSeg184
.abs_section_78                    2   N/I       0x78       0x79   .absSeg185
.abs_section_7a                    2   N/I       0x7A       0x7B   .absSeg186
.abs_section_7c                    2   N/I       0x7C       0x7D   .absSeg187
.abs_section_7e                    2   N/I       0x7E       0x7F   .absSeg188
.abs_section_82                    2   N/I       0x82       0x83   .absSeg189
.abs_section_84                    2   N/I       0x84       0x85   .absSeg190
.abs_section_90                    2   N/I       0x90       0x91   .absSeg191
.abs_section_92                    2   N/I       0x92       0x93   .absSeg192
.abs_section_94                    2   N/I       0x94       0x95   .absSeg193
.abs_section_96                    2   N/I       0x96       0x97   .absSeg194
.abs_section_98                    2   N/I       0x98       0x99   .absSeg195
.abs_section_9a                    2   N/I       0x9A       0x9B   .absSeg196
.abs_section_9c                    2   N/I       0x9C       0x9D   .absSeg197
.abs_section_9e                    2   N/I       0x9E       0x9F   .absSeg198
.abs_section_ac                    2   N/I       0xAC       0xAD   .absSeg199
.abs_section_ae                    2   N/I       0xAE       0xAF   .absSeg200
.abs_section_b0                    2   N/I       0xB0       0xB1   .absSeg201
.abs_section_b2                    2   N/I       0xB2       0xB3   .absSeg202
.abs_section_b4                    2   N/I       0xB4       0xB5   .absSeg203
.abs_section_b6                    2   N/I       0xB6       0xB7   .absSeg204
.abs_section_b8                    2   N/I       0xB8       0xB9   .absSeg205
.abs_section_ba                    2   N/I       0xBA       0xBB   .absSeg206
.abs_section_bc                    2   N/I       0xBC       0xBD   .absSeg207
.abs_section_be                    2   N/I       0xBE       0xBF   .absSeg208
.abs_section_c0                    2   N/I       0xC0       0xC1   .absSeg209
.abs_section_c2                    2   N/I       0xC2       0xC3   .absSeg210
.abs_section_c8                    2   N/I       0xC8       0xC9   .absSeg211
.abs_section_d0                    2   N/I       0xD0       0xD1   .absSeg212
.abs_section_122                   2   N/I      0x122      0x123   .absSeg213
.abs_section_124                   2   N/I      0x124      0x125   .absSeg214
.abs_section_130                   2   N/I      0x130      0x131   .absSeg215
.abs_section_132                   2   N/I      0x132      0x133   .absSeg216
.abs_section_134                   2   N/I      0x134      0x135   .absSeg217
.abs_section_136                   2   N/I      0x136      0x137   .absSeg218
.abs_section_138                   2   N/I      0x138      0x139   .absSeg219
.abs_section_13a                   2   N/I      0x13A      0x13B   .absSeg220
.abs_section_13c                   2   N/I      0x13C      0x13D   .absSeg221
.abs_section_13e                   2   N/I      0x13E      0x13F   .absSeg222
.abs_section_ffca                  2     R     0xFFCA     0xFFCB   .absSeg223
.abs_section_ffee                  2     R     0xFFEE     0xFFEF   .absSeg224
.abs_section_fff0                  2     R     0xFFF0     0xFFF1   .absSeg225
.abs_section_ffd6                  2     R     0xFFD6     0xFFD7   .absSeg226
.abs_section_ffe0                  2     R     0xFFE0     0xFFE1   .absSeg227
.abs_section_ffe4                  2     R     0xFFE4     0xFFE5   .absSeg228
.bss                             567   R/W     0x1102     0x1338   RAM
.common                          144   R/W     0x1339     0x13C8   RAM
RUNTIME                          449     R     0xE5FF     0xE7BF   ROM_C000
.vectSeg229_vect                   2     R     0xFFFE     0xFFFF   .vectSeg229

Summary of section sizes per section type:
READ_ONLY (R):        27D5 (dec:    10197)
READ_WRITE (R/W):      3C9 (dec:      969)
NO_INIT (N/I):         116 (dec:      278)

*********************************************************************************************
VECTOR-ALLOCATION SECTION
    Address     InitValue   InitFunction
---------------------------------------------------------------------------------------------
     0xFFFE        0xC029   _Startup

*********************************************************************************************
OBJECT-ALLOCATION SECTION
     Name               Module                 Addr   hSize   dSize     Ref    Section   RLIB
---------------------------------------------------------------------------------------------
MODULE:                 -- mc9s12a256.c.o --
- PROCEDURES:
- VARIABLES:
     _PORTE                                       8       1       1       3   .abs_section_8
     _DDRE                                        9       1       1       1   .abs_section_9
     _PEAR                                        A       1       1       0   .abs_section_a
     _MODE                                        B       1       1       0   .abs_section_b
     _PUCR                                        C       1       1       0   .abs_section_c
     _RDRIV                                       D       1       1       0   .abs_section_d
     _EBICTL                                      E       1       1       0   .abs_section_e
     _INITRM                                     10       1       1       0   .abs_section_10
     _INITRG                                     11       1       1       0   .abs_section_11
     _INITEE                                     12       1       1       0   .abs_section_12
     _MISC                                       13       1       1       0   .abs_section_13
     _ITCR                                       15       1       1       0   .abs_section_15
     _ITEST                                      16       1       1       0   .abs_section_16
     _MEMSIZ0                                    1C       1       1       0   .abs_section_1c
     _MEMSIZ1                                    1D       1       1       0   .abs_section_1d
     _INTCR                                      1E       1       1       0   .abs_section_1e
     _HPRIO                                      1F       1       1       0   .abs_section_1f
     _BKPCT0                                     28       1       1       0   .abs_section_28
     _BKPCT1                                     29       1       1       0   .abs_section_29
     _BKP0X                                      2A       1       1       0   .abs_section_2a
     _BKP0H                                      2B       1       1       0   .abs_section_2b
     _BKP0L                                      2C       1       1       0   .abs_section_2c
     _BKP1X                                      2D       1       1       0   .abs_section_2d
     _BKP1H                                      2E       1       1       0   .abs_section_2e
     _BKP1L                                      2F       1       1       0   .abs_section_2f
     _PPAGE                                      30       1       1       0   .abs_section_30
     _PORTK                                      32       1       1       1   .abs_section_32
     _DDRK                                       33       1       1       5   .abs_section_33
     _SYNR                                       34       1       1       1   .abs_section_34
     _REFDV                                      35       1       1       1   .abs_section_35
     _CRGFLG                                     37       1       1       2   .abs_section_37
     _CRGINT                                     38       1       1       1   .abs_section_38
     _CLKSEL                                     39       1       1       1   .abs_section_39
     _PLLCTL                                     3A       1       1       1   .abs_section_3a
     _RTICTL                                     3B       1       1       1   .abs_section_3b
     _COPCTL                                     3C       1       1       5   .abs_section_3c
     _ARMCOP                                     3F       1       1       4   .abs_section_3f
     _TIOS                                       40       1       1      16   .abs_section_40
     _CFORC                                      41       1       1       0   .abs_section_41
     _OC7M                                       42       1       1       0   .abs_section_42
     _OC7D                                       43       1       1       0   .abs_section_43
     _TSCR1                                      46       1       1       3   .abs_section_46
     _TTOV                                       47       1       1      16   .abs_section_47
     _TCTL1                                      48       1       1      32   .abs_section_48
     _TCTL2                                      49       1       1      32   .abs_section_49
     _TCTL3                                      4A       1       1      32   .abs_section_4a
     _TCTL4                                      4B       1       1      32   .abs_section_4b
     _TIE                                        4C       1       1      40   .abs_section_4c
     _TSCR2                                      4D       1       1       3   .abs_section_4d
     _TFLG1                                      4E       1       1       4   .abs_section_4e
     _TFLG2                                      4F       1       1       0   .abs_section_4f
     _PACTL                                      60       1       1       0   .abs_section_60
     _PAFLG                                      61       1       1       0   .abs_section_61
     _MCCTL                                      66       1       1       9   .abs_section_66
     _MCFLG                                      67       1       1       1   .abs_section_67
     _ICPAR                                      68       1       1       0   .abs_section_68
     _DLYCT                                      69       1       1       0   .abs_section_69
     _ICOVW                                      6A       1       1       0   .abs_section_6a
     _ICSYS                                      6B       1       1       0   .abs_section_6b
     _PBCTL                                      70       1       1       0   .abs_section_70
     _PBFLG                                      71       1       1       0   .abs_section_71
     _ATD0STAT0                                  86       1       1       0   .abs_section_86
     _ATD0TEST1                                  89       1       1       0   .abs_section_89
     _ATD0STAT1                                  8B       1       1       0   .abs_section_8b
     _ATD0DIEN                                   8D       1       1       0   .abs_section_8d
     _PORTAD0                                    8F       1       1       0   .abs_section_8f
     _PWME                                       A0       1       1       0   .abs_section_a0
     _PWMPOL                                     A1       1       1       0   .abs_section_a1
     _PWMCLK                                     A2       1       1       0   .abs_section_a2
     _PWMPRCLK                                   A3       1       1       0   .abs_section_a3
     _PWMCAE                                     A4       1       1       0   .abs_section_a4
     _PWMCTL                                     A5       1       1       0   .abs_section_a5
     _PWMSCLA                                    A8       1       1       0   .abs_section_a8
     _PWMSCLB                                    A9       1       1       0   .abs_section_a9
     _PWMSDN                                     C4       1       1       0   .abs_section_c4
     _SCI0CR1                                    CA       1       1       8   .abs_section_ca
     _SCI0CR2                                    CB       1       1       8   .abs_section_cb
     _SCI0SR1                                    CC       1       1       3   .abs_section_cc
     _SCI0SR2                                    CD       1       1       0   .abs_section_cd
     _SCI0DRH                                    CE       1       1       0   .abs_section_ce
     _SCI0DRL                                    CF       1       1       2   .abs_section_cf
     _SCI1CR1                                    D2       1       1       0   .abs_section_d2
     _SCI1CR2                                    D3       1       1       0   .abs_section_d3
     _SCI1SR1                                    D4       1       1       0   .abs_section_d4
     _SCI1SR2                                    D5       1       1       0   .abs_section_d5
     _SCI1DRH                                    D6       1       1       0   .abs_section_d6
     _SCI1DRL                                    D7       1       1       0   .abs_section_d7
     _SPI0CR1                                    D8       1       1      12   .abs_section_d8
     _SPI0CR2                                    D9       1       1       4   .abs_section_d9
     _SPI0BR                                     DA       1       1       4   .abs_section_da
     _SPI0SR                                     DB       1       1       2   .abs_section_db
     _SPI0DR                                     DD       1       1       2   .abs_section_dd
     _IBAD                                       E0       1       1       0   .abs_section_e0
     _IBFD                                       E1       1       1       0   .abs_section_e1
     _IBCR                                       E2       1       1       0   .abs_section_e2
     _IBSR                                       E3       1       1       0   .abs_section_e3
     _IBDR                                       E4       1       1       0   .abs_section_e4
     _SPI1CR1                                    F0       1       1       0   .abs_section_f0
     _SPI1CR2                                    F1       1       1       0   .abs_section_f1
     _SPI1BR                                     F2       1       1       0   .abs_section_f2
     _SPI1SR                                     F3       1       1       0   .abs_section_f3
     _SPI1DR                                     F5       1       1       0   .abs_section_f5
     _SPI2CR1                                    F8       1       1       0   .abs_section_f8
     _SPI2CR2                                    F9       1       1       0   .abs_section_f9
     _SPI2BR                                     FA       1       1       0   .abs_section_fa
     _SPI2SR                                     FB       1       1       0   .abs_section_fb
     _SPI2DR                                     FD       1       1       0   .abs_section_fd
     _FCLKDIV                                   100       1       1       0   .abs_section_100
     _FSEC                                      101       1       1       0   .abs_section_101
     _FCNFG                                     103       1       1       0   .abs_section_103
     _FPROT                                     104       1       1       0   .abs_section_104
     _FSTAT                                     105       1       1       0   .abs_section_105
     _FCMD                                      106       1       1       0   .abs_section_106
     _ECLKDIV                                   110       1       1       3   .abs_section_110
     _ECNFG                                     113       1       1       0   .abs_section_113
     _EPROT                                     114       1       1       4   .abs_section_114
     _ESTAT                                     115       1       1       8   .abs_section_115
     _ECMD                                      116       1       1       1   .abs_section_116
     _ATD1STAT0                                 126       1       1       0   .abs_section_126
     _ATD1TEST1                                 129       1       1       0   .abs_section_129
     _ATD1STAT1                                 12B       1       1       0   .abs_section_12b
     _ATD1DIEN                                  12D       1       1       0   .abs_section_12d
     _PORTAD1                                   12F       1       1       0   .abs_section_12f
     _PTT                                       240       1       1       9   .abs_section_240
     _PTIT                                      241       1       1       0   .abs_section_241
     _DDRT                                      242       1       1       3   .abs_section_242
     _RDRT                                      243       1       1       0   .abs_section_243
     _PERT                                      244       1       1       0   .abs_section_244
     _PPST                                      245       1       1       0   .abs_section_245
     _PTS                                       248       1       1       0   .abs_section_248
     _PTIS                                      249       1       1       0   .abs_section_249
     _DDRS                                      24A       1       1       0   .abs_section_24a
     _RDRS                                      24B       1       1       0   .abs_section_24b
     _PERS                                      24C       1       1       0   .abs_section_24c
     _PPSS                                      24D       1       1       0   .abs_section_24d
     _WOMS                                      24E       1       1       0   .abs_section_24e
     _PTM                                       250       1       1       1   .abs_section_250
     _PTIM                                      251       1       1       0   .abs_section_251
     _DDRM                                      252       1       1       1   .abs_section_252
     _RDRM                                      253       1       1       0   .abs_section_253
     _PERM                                      254       1       1       0   .abs_section_254
     _PPSM                                      255       1       1       0   .abs_section_255
     _WOMM                                      256       1       1       0   .abs_section_256
     _MODRR                                     257       1       1       0   .abs_section_257
     _PTP                                       258       1       1       0   .abs_section_258
     _PTIP                                      259       1       1       0   .abs_section_259
     _DDRP                                      25A       1       1       0   .abs_section_25a
     _RDRP                                      25B       1       1       0   .abs_section_25b
     _PERP                                      25C       1       1       0   .abs_section_25c
     _PPSP                                      25D       1       1       0   .abs_section_25d
     _PIEP                                      25E       1       1       0   .abs_section_25e
     _PIFP                                      25F       1       1       0   .abs_section_25f
     _PTH                                       260       1       1      13   .abs_section_260
     _PTIH                                      261       1       1       0   .abs_section_261
     _DDRH                                      262       1       1       3   .abs_section_262
     _RDRH                                      263       1       1       0   .abs_section_263
     _PERH                                      264       1       1       0   .abs_section_264
     _PPSH                                      265       1       1       0   .abs_section_265
     _PIEH                                      266       1       1       0   .abs_section_266
     _PIFH                                      267       1       1       0   .abs_section_267
     _PTJ                                       268       1       1       0   .abs_section_268
     _PTIJ                                      269       1       1       0   .abs_section_269
     _DDRJ                                      26A       1       1       0   .abs_section_26a
     _RDRJ                                      26B       1       1       0   .abs_section_26b
     _PERJ                                      26C       1       1       0   .abs_section_26c
     _PPSJ                                      26D       1       1       0   .abs_section_26d
     _PIEJ                                      26E       1       1       0   .abs_section_26e
     _PIFJ                                      26F       1       1       0   .abs_section_26f
     _PORTAB                                      0       2       2      33   .abs_section_0
     _DDRAB                                       2       2       2      21   .abs_section_2
     _PARTID                                     1A       2       2       0   .abs_section_1a
     _TCNT                                       44       2       2       1   .abs_section_44
     _TC0                                        50       2       2       1   .abs_section_50
     _TC1                                        52       2       2       1   .abs_section_52
     _TC2                                        54       2       2       1   .abs_section_54
     _TC3                                        56       2       2       1   .abs_section_56
     _TC4                                        58       2       2       1   .abs_section_58
     _TC5                                        5A       2       2       1   .abs_section_5a
     _TC6                                        5C       2       2       1   .abs_section_5c
     _TC7                                        5E       2       2       1   .abs_section_5e
     _PACN32                                     62       2       2       0   .abs_section_62
     _PACN10                                     64       2       2       0   .abs_section_64
     _PA32H                                      72       2       2       0   .abs_section_72
     _PA10H                                      74       2       2       0   .abs_section_74
     _MCCNT                                      76       2       2       1   .abs_section_76
     _TC0H                                       78       2       2       0   .abs_section_78
     _TC1H                                       7A       2       2       0   .abs_section_7a
     _TC2H                                       7C       2       2       0   .abs_section_7c
     _TC3H                                       7E       2       2       0   .abs_section_7e
     _ATD0CTL23                                  82       2       2       0   .abs_section_82
     _ATD0CTL45                                  84       2       2       0   .abs_section_84
     _ATD0DR0                                    90       2       2       0   .abs_section_90
     _ATD0DR1                                    92       2       2       0   .abs_section_92
     _ATD0DR2                                    94       2       2       0   .abs_section_94
     _ATD0DR3                                    96       2       2       0   .abs_section_96
     _ATD0DR4                                    98       2       2       0   .abs_section_98
     _ATD0DR5                                    9A       2       2       0   .abs_section_9a
     _ATD0DR6                                    9C       2       2       0   .abs_section_9c
     _ATD0DR7                                    9E       2       2       0   .abs_section_9e
     _PWMCNT01                                   AC       2       2       0   .abs_section_ac
     _PWMCNT23                                   AE       2       2       0   .abs_section_ae
     _PWMCNT45                                   B0       2       2       0   .abs_section_b0
     _PWMCNT67                                   B2       2       2       0   .abs_section_b2
     _PWMPER01                                   B4       2       2       0   .abs_section_b4
     _PWMPER23                                   B6       2       2       0   .abs_section_b6
     _PWMPER45                                   B8       2       2       0   .abs_section_b8
     _PWMPER67                                   BA       2       2       0   .abs_section_ba
     _PWMDTY01                                   BC       2       2       0   .abs_section_bc
     _PWMDTY23                                   BE       2       2       0   .abs_section_be
     _PWMDTY45                                   C0       2       2       0   .abs_section_c0
     _PWMDTY67                                   C2       2       2       0   .abs_section_c2
     _SCI0BD                                     C8       2       2       1   .abs_section_c8
     _SCI1BD                                     D0       2       2       0   .abs_section_d0
     _ATD1CTL23                                 122       2       2       0   .abs_section_122
     _ATD1CTL45                                 124       2       2       0   .abs_section_124
     _ATD1DR0                                   130       2       2       0   .abs_section_130
     _ATD1DR1                                   132       2       2       0   .abs_section_132
     _ATD1DR2                                   134       2       2       0   .abs_section_134
     _ATD1DR3                                   136       2       2       0   .abs_section_136
     _ATD1DR4                                   138       2       2       0   .abs_section_138
     _ATD1DR5                                   13A       2       2       0   .abs_section_13a
     _ATD1DR6                                   13C       2       2       0   .abs_section_13c
     _ATD1DR7                                   13E       2       2       0   .abs_section_13e
MODULE:                 -- main.c.o --
- PROCEDURES:
     main                                      C7CC     11E     286       1   .text       
     HandlePacket                              C8EA      C6     198       1   .text       
     MCCNT_ISR                                 C9B0      38      56       1   .text       
     ECTCh0_ISR                                C9E8      47      71       1   .text       
     HandleStartupPacket                       CA2F      44      68       2   .text       
     HandleSpecialPacket                       CA73      24      36       2   .text       
     HandleNumberPacket                        CA97      2A      42       2   .text       
     HandleModePacket                          CAC1      15      21       2   .text       
     HandleEEPROMProgramPacket                 CAD6      25      37       1   .text       
     HandleEEPROMGetPacket                     CAFB      2A      42       1   .text       
     HandleTimePacket                          CB25      12      18       2   .text       
     HandlePacketModePacket                    CB37      28      40       1   .text       
     HandleAnalogValPacket                     CB5F      1F      31       3   .text       
     HandleTestModePacket                      CB7E      26      38       1   .text       
     HandleTariffPacket                        CBA4      26      38       1   .text       
     HandleTime1Packet                         CBCA      28      40       1   .text       
     HandleTime2Packet                         CBF2      28      40       1   .text       
     HandlePowerPacket                         CC1A      17      23       1   .text       
     HandleEnergyPacket                        CC31      17      23       1   .text       
     HandleCostPacket                          CC48      17      23       1   .text       
     HandleFrequencyPacket                     CC5F       1       1       1   .text       
     HandleVoltageRMSPacket                    CC60       1       1       1   .text       
     HandleCurrentRMSPacket                    CC61       1       1       1   .text       
     HandlePowerFactorPacket                   CC62       1       1       1   .text       
- VARIABLES:
     Timer_Ch7_Delay                           C03B       2       2       1   .rodata     
     DEM_VoltageTable3                         C03D     102     258       1   .rodata     
     DEM_CurrentTable3                         C13F     102     258       1   .rodata     
     PWM_MAIN_LOOP                             1102       1       1       5   .bss        
     _Vector_26                                FFCA       2       2       0   .abs_section_ffca
     _Vector_8                                 FFEE       2       2       0   .abs_section_ffee
     Packet                                    1339       4       4      41   .common     
     Packet_CommandOK                          133D       2       2       2   .common     
     Analog_Input                              133F      50      80      18   .common     
     NbAnalogInputs                            138F       2       2       1   .common     
     NbAnalogOutputs                           1391       2       2       1   .common     
     Clock_Seconds                             1393       1       1       7   .common     
     Clock_Minutes                             1394       1       1       3   .common     
     Clock_MicroSeconds                        1395       4       4      11   .common     
     System_Seconds                            1399       2       2       7   .common     
     System_Minutes                            139B       2       2       8   .common     
     System_Hours                              139D       2       2      13   .common     
     System_Days                               139F       2       2       5   .common     
     DEM_Power_Array                           13A1      20      32       4   .common     
     DEM_Total_Energy                          13C1       2       2       7   .common     
     DEM_Average_Power                         13C3       2       2       5   .common     
     DEM_Total_Cost                            13C5       2       2       7   .common     
MODULE:                 -- Start12.c.o --
- PROCEDURES:
     Init                                      C000      29      41       1   .init       
     _Startup                                  C029       8       8       0   .init       
- VARIABLES:
     _startupData                              C031       6       6       3   .startData  
- LABELS:
     __SEG_END_SSTACK                          1100       0       0       1               
MODULE:                 -- rtshc12.c.o (ansisi.lib) --
- PROCEDURES:
     _BDIVMODU                                 E5FF       A      10       2   RUNTIME     
     _LSHL                                     E609      11      17       1   RUNTIME     
     _LSHRU                                    E61A      11      17       1   RUNTIME     
     _LCMP                                     E62B      19      25       1   RUNTIME     
     _LNEG                                     E644       D      13       1   RUNTIME     
     _LMULS16x32                               E651      1F      31       1   RUNTIME     
     _lDivMod                                  E670      BE     190       3   RUNTIME     
     _LDIVU                                    E72E       E      14       4   RUNTIME     
     _NEG_P                                    E73C       F      15       4   RUNTIME     
     _LDIVS                                    E74B      35      53       2   RUNTIME     
     _ILSEXT                                   E780       7       7       2   RUNTIME     
     _CASE_CHECKED                             E787       B      11       3   RUNTIME     
     _CASE_CHECKED_BYTE                        E792      14      20      21   RUNTIME     
     _CASE_SEARCH_8_BYTE                       E7A6      1A      26       3   RUNTIME     
- VARIABLES:
MODULE:                 -- analog.c.o --
- PROCEDURES:
     Analog_Setup                              CC63      3D      61       1   .text       
     Analog_Get                                CCA0      C6     198       2   .text       
     Analog_Put                                CD66      44      68       2   .text       
- VARIABLES:
MODULE:                 -- clock.c.o --
- PROCEDURES:
     Clock_Setup                               CDAA      25      37       1   .text       
     Clock_Update                              CDCF      F7     247       1   .text       
- VARIABLES:
MODULE:                 -- CRG.c.o --
- PROCEDURES:
     CRG_SetupPLL                              CEC6      51      81       1   .text       
     CRG_SetupCOP                              CF17      21      33       1   .text       
     CRG_SetupRTI                              CF38       E      14       1   .text       
     CRG_RTI_ISR                               CF46      24      36       1   .text       
- VARIABLES:
     _Vector_7                                 FFF0       2       2       0   .abs_section_fff0
MODULE:                 -- EEPROM.c.o --
- PROCEDURES:
     EEPROM_Setup                              CF6A     148     328       7   .text       
     EEPROM_Write32                            D0B2      50      80       1   .text       
     EEPROM_Write16                            D102      43      67      23   .text       
     EEPROM_Write8                             D145      2C      44       1   .text       
     EEPROM_Erase                              D171      36      54       1   .text       
     Write                                     D1A7      37      55       5   .text       
- VARIABLES:
MODULE:                 -- FIFO.c.o --
- PROCEDURES:
     FIFO_Init                                 D1DE       F      15       2   .text       
     FIFO_Put                                  D1ED      3F      63       2   .text       
     FIFO_Get                                  D22C      3D      61       2   .text       
- VARIABLES:
MODULE:                 -- packet.c.o --
- PROCEDURES:
     Packet_Setup                              D269      1B      27       1   .text       
     Packet_Put                                D284      4B      75      17   .text       
     Packet_Get                                D2CF      6A     106       1   .text       
     shuffleFSM                                D339      27      39       1   .text       
- VARIABLES:
     FSM                                       1103       F      15      12   .bss        
     StateIndex                                1112       1       1       5   .bss        
     bSwapFlag                                 1113       2       2       3   .bss        
MODULE:                 -- SCI.c.o --
- PROCEDURES:
     SCI_Setup                                 D360      5E      94       1   .text       
     SCI_InChar                                D3BE       E      14       1   .text       
     SCI_OutChar                               D3CC      15      21       5   .text       
     SendData                                  D3E1      30      48       2   .text       
     SCI0_ISR                                  D411      10      16       1   .text       
     TIE7_ISR                                  D421      13      19       1   .text       
- VARIABLES:
     RxFIFO                                    1115     106     262       3   .bss        
     TxFIFO                                    121B     106     262       3   .bss        
     _Vector_20                                FFD6       2       2       0   .abs_section_ffd6
     _Vector_15                                FFE0       2       2       0   .abs_section_ffe0
MODULE:                 -- SPI.c.o --
- PROCEDURES:
     SPI_Setup                                 D434      67     103       1   .text       
     SPI_ExchangeChar                          D49B      15      21       5   .text       
- VARIABLES:
MODULE:                 -- timer.c.o --
- PROCEDURES:
     Timer_SetupPeriodicTimer                  D4B0      2E      46       1   .text       
     Timer_PeriodicTimerEnable                 D4DE      1B      27       1   .text       
     Timer_Setup                               D4F9      2B      43       1   .text       
     Timer_Init                                D524     3A7     935      20   .text       
     Timer_Enable                              D8CB      80     128       4   .text       
     Timer_Enabled                             D94B      62      98       1   .text       
     Timer_Set                                 D9AD      37      55       4   .text       
- VARIABLES:
MODULE:                 -- HMI.c.o --
- PROCEDURES:
     HMI_Setup                                 D9E4      7F     127       1   .text       
     HMI_Update                                DA63       6       6       1   .text       
     TIE5_ISR                                  DA69      5C      92       1   .text       
     CreateMenu                                DAC5     40E    1038     101   .text       
     HandleButtonPress                         DED3     11F     287      20   .text       
     CycleData                                 DFF2     103     259       4   .text       
     RevertSettings                            E0F5      24      36       2   .text       
     MoveUp                                    E119      21      33       1   .text       
     MoveDown                                  E13A      21      33       1   .text       
     SelectItem                                E15B      4A      74       1   .text       
- VARIABLES:
     STRING.METERING.TIME....1                 C241      11      17       1   .rodata1    
     STRING.xx.xx.xx.xx.2                      C252       C      12       1   .rodata1    
     STRING...3                                C25E       2       2       1   .rodata1    
     STRING...4                                C260       2       2       1   .rodata1    
     STRING...5                                C262       2       2       1   .rodata1    
     STRING..................6                 C264      11      17       1   .rodata1    
     STRING..................7                 C275      11      17       1   .rodata1    
     STRING.Test.Mode...8                      C286       C      12       1   .rodata1    
     STRING.ON..9                              C292       4       4       1   .rodata1    
     STRING.OFF.10                             C296       4       4       1   .rodata1    
     STRING.Tariff...11                        C29A       9       9       1   .rodata1    
     STRING.Rate...12                          C2A3       7       7       1   .rodata1    
     STRING.......CYC........13                C2AA      11      17       1   .rodata1    
     STRING.AVERAGE.POWER....14                C2BB      11      17       1   .rodata1    
     STRING.......15                           C2CC       6       6       1   .rodata1    
     STRING.W.16                               C2D2       2       2       1   .rodata1    
     STRING..................17                C2D4      11      17       1   .rodata1    
     STRING..................18                C2E5      11      17       1   .rodata1    
     STRING.Test.Mode...19                     C2F6       C      12       1   .rodata1    
     STRING.ON..20                             C302       4       4       1   .rodata1    
     STRING.OFF.21                             C306       4       4       1   .rodata1    
     STRING.Tariff...22                        C30A       9       9       1   .rodata1    
     STRING.Rate...23                          C313       7       7       1   .rodata1    
     STRING.......CYC........24                C31A      11      17       1   .rodata1    
     STRING.TOTAL.ENERGY....25                 C32B      10      16       1   .rodata1    
     STRING.xxx.xxx.26                         C33B       8       8       1   .rodata1    
     STRING.kWh.27                             C343       4       4       1   .rodata1    
     STRING..................28                C347      11      17       1   .rodata1    
     STRING..................29                C358      11      17       1   .rodata1    
     STRING.Test.Mode...30                     C369       C      12       1   .rodata1    
     STRING.ON..31                             C375       4       4       1   .rodata1    
     STRING.OFF.32                             C379       4       4       1   .rodata1    
     STRING.Tariff...33                        C37D       9       9       1   .rodata1    
     STRING.Rate...34                          C386       7       7       1   .rodata1    
     STRING.......CYC........35                C38D      11      17       1   .rodata1    
     STRING.TOTAL.COST.......36                C39E      11      17       1   .rodata1    
     STRING.xxxx.xx.37                         C3AF       8       8       1   .rodata1    
     STRING...38                               C3B7       2       2       1   .rodata1    
     STRING...39                               C3B9       2       2       1   .rodata1    
     STRING..................40                C3BB      11      17       1   .rodata1    
     STRING..................41                C3CC      11      17       1   .rodata1    
     STRING..................42                C3DD      11      17       1   .rodata1    
     STRING.Test.Mode...43                     C3EE       C      12       1   .rodata1    
     STRING.ON..44                             C3FA       4       4       1   .rodata1    
     STRING.OFF.45                             C3FE       4       4       1   .rodata1    
     STRING.Tariff...46                        C402       9       9       1   .rodata1    
     STRING.Rate...47                          C40B       7       7       1   .rodata1    
     STRING.......CYC........48                C412      11      17       1   .rodata1    
     STRING.ES.Group.13.MENU.49                C423      11      17       1   .rodata1    
     STRING..ModCon.Nb..50                     C434       C      12       1   .rodata1    
     STRING..Version...V1.0..51                C440      11      17       1   .rodata1    
     STRING..Debug......52                     C451       C      12       1   .rodata1    
     STRING.ON..53                             C45D       4       4       1   .rodata1    
     STRING.OFF.54                             C461       4       4       1   .rodata1    
     STRING..Prot.Mode..55                     C465       C      12       1   .rodata1    
     STRING.ASYN..56                           C471       6       6       1   .rodata1    
     STRING.SYNC..57                           C477       6       6       1   .rodata1    
     STRING..................58                C47D      11      17       1   .rodata1    
     STRING..................59                C48E      11      17       1   .rodata1    
     STRING.......MENU.......60                C49F      11      17       1   .rodata1    
     STRING...Settings.MENU..61                C4B0      11      17       1   .rodata1    
     STRING..ModCon.Settings.62                C4C1      11      17       1   .rodata1    
     STRING..LCD.Settings....63                C4D2      11      17       1   .rodata1    
     STRING..................64                C4E3      11      17       1   .rodata1    
     STRING..................65                C4F4      11      17       1   .rodata1    
     STRING..................66                C505      11      17       1   .rodata1    
     STRING..................67                C516      11      17       1   .rodata1    
     STRING.UP.DN....SEL.BAK.68                C527      11      17       1   .rodata1    
     STRING..LCD.Settings....69                C538      11      17       1   .rodata1    
     STRING..Contrast.....70                   C549       E      14       1   .rodata1    
     STRING..Backlight....71                   C557       E      14       1   .rodata1    
     STRING.ON..72                             C565       4       4       1   .rodata1    
     STRING.OFF.73                             C569       4       4       1   .rodata1    
     STRING..................74                C56D      11      17       1   .rodata1    
     STRING..................75                C57E      11      17       1   .rodata1    
     STRING..................76                C58F      11      17       1   .rodata1    
     STRING..................77                C5A0      11      17       1   .rodata1    
     STRING.UP.DN.CY.SEL.SAV.78                C5B1      11      17       1   .rodata1    
     STRING..ModCon.Settings.79                C5C2      11      17       1   .rodata1    
     STRING..ModCon.Nb..80                     C5D3       C      12       1   .rodata1    
     STRING..Prot.Mode..81                     C5DF       C      12       1   .rodata1    
     STRING.ASYN..82                           C5EB       6       6       1   .rodata1    
     STRING.SYNC..83                           C5F1       6       6       1   .rodata1    
     STRING..Debug......84                     C5F7       C      12       1   .rodata1    
     STRING.ON..85                             C603       4       4       1   .rodata1    
     STRING.OFF.86                             C607       4       4       1   .rodata1    
     STRING..................87                C60B      11      17       1   .rodata1    
     STRING..................88                C61C      11      17       1   .rodata1    
     STRING..................89                C62D      11      17       1   .rodata1    
     STRING.UP.DN.CY.SEL.SAV.90                C63E      11      17       1   .rodata1    
     STRING.ES.Group.13.MENU.91                C64F      11      17       1   .rodata1    
     STRING..................92                C660      11      17       1   .rodata1    
     STRING.Would.you.like...93                C671      11      17       1   .rodata1    
     STRING.to.save.your.....94                C682      11      17       1   .rodata1    
     STRING.changes..........95                C693      11      17       1   .rodata1    
     STRING..................96                C6A4      11      17       1   .rodata1    
     STRING..................97                C6B5      11      17       1   .rodata1    
     STRING.YES...........NO.98                C6C6      11      17       1   .rodata1    
     STRING.ES.Group.13.MENU.99                C6D7      11      17       1   .rodata1    
     STRING..................100               C6E8      11      17       1   .rodata1    
     STRING.Your.new.setting.101               C6F9      11      17       1   .rodata1    
     STRING.have.been.saved..102               C70A      11      17       1   .rodata1    
     STRING.successfully.....103               C71B      11      17       1   .rodata1    
     STRING..................104               C72C      11      17       1   .rodata1    
     STRING..................105               C73D      11      17       1   .rodata1    
     STRING..................106               C74E      11      17       1   .rodata1    
     STRING..Contrast.....107                  C75F       E      14       1   .rodata1    
     STRING..Backlight....108                  C76D       E      14       1   .rodata1    
     STRING.ON..109                            C77B       4       4       1   .rodata1    
     STRING.OFF.110                            C77F       4       4       1   .rodata1    
     STRING..ModCon.Nb..111                    C783       C      12       1   .rodata1    
     STRING..Prot.Mode..112                    C78F       C      12       1   .rodata1    
     STRING.ASYN..113                          C79B       6       6       1   .rodata1    
     STRING.SYNC..114                          C7A1       6       6       1   .rodata1    
     STRING..Debug......115                    C7A7       C      12       1   .rodata1    
     STRING.ON..116                            C7B3       4       4       1   .rodata1    
     STRING.OFF.117                            C7B7       4       4       1   .rodata1    
     X                                         1321       1       1       3   .bss        
     Y                                         1322       1       1      19   .bss        
     ItemSelected                              1323       2       2      10   .bss        
     TempContrast                              1325       1       1       7   .bss        
     TempBacklight                             1326       1       1       6   .bss        
     TempMCNb                                  1327       2       2       7   .bss        
     TempProtMode                              1329       1       1       6   .bss        
     TempDebug                                 132A       1       1       6   .bss        
     Interval                                  132B       4       4      11   .bss        
     LCDPrevState                              132F       2       2       3   .bss        
     LCDCurrentState                           1331       2       2       3   .bss        
     PBState                                   1333       2       2       3   .bss        
     PrevPBState                               1335       2       2       2   .bss        
     _Vector_13                                FFE4       2       2       0   .abs_section_ffe4
MODULE:                 -- buttons.c.o --
- PROCEDURES:
     Buttons_Get                               E1A5      10      16       1   .text       
- VARIABLES:
MODULE:                 -- LCD.c.o --
- PROCEDURES:
     LCD_Setup                                 E1B5      78     120       1   .text       
     LCD_Clear                                 E22D      31      49       2   .text       
     LCD_ClearLine                             E25E       9       9      11   .text       
     LCD_CursorHome                            E267       8       8       1   .text       
     LCD_TextHome                              E26F       D      13       1   .text       
     LCD_TextArea                              E27C       C      12       1   .text       
     LCD_OutChar                               E288      14      20      11   .text       
     LCD_OutInteger                            E29C      95     149       6   .text       
     LCD_OutString                             E331      1F      31      46   .text       
     LCD_QNotation                             E350      B8     184       3   .text       
     LCD_SetFunction                           E408      2C      44       3   .text       
     LCD_SetLine                               E434       B      11      18   .text       
     LCD_SetCursor                             E43F       B      11       4   .text       
     SetCGAddress                              E44A      12      18       2   .text       
     SetRAMAddress                             E45C      12      18       4   .text       
     StatusCheck                               E46E      1E      30       1   .text       
     WaitForReady                              E48C       7       7       2   .text       
     WriteCommand                              E493      1A      26       8   .text       
     WriteData                                 E4AD      1A      26       9   .text       
- VARIABLES:
     STRING..................1                 C7BB      11      17       1   .rodata1    
MODULE:                 -- calc.c.o --
- PROCEDURES:
     Calculate_Power                           E4C7      37      55       1   .text       
     Calculate_TotalEnergy                     E4FE      1A      26       1   .text       
     Calculate_NormalToQNotation               E518       8       8       1   .text       
     Calculate_DigitalToQNotation              E520      27      39       2   .text       
- VARIABLES:
MODULE:                 -- DEM.c.o --
- PROCEDURES:
     DEM_Setup                                 E547       C      12       1   .text       
     DEM_ArrayShift                            E553      19      25       1   .text       
     DEM_AveragePower                          E56C      31      49       1   .text       
     DEM_CurrentTariff                         E59D      62      98       1   .text       
- VARIABLES:
     current                                   1100       2       2       1   .data       
     voltage                                   1337       2       2       1   .bss        
     totalPower                                13C7       2       2       3   .common     

*********************************************************************************************
MODULE STATISTIC
  Name                                      Data   Code  Const
---------------------------------------------------------------------------------------------
  mc9s12a256.c.o                             278      0      0
  main.c.o                                   143   1175    522
  Start12.c.o                                  0     49      0
  rtshc12.c.o (ansisi.lib)                     0    449      0
  analog.c.o                                   0    327      0
  clock.c.o                                    0    284      0
  CRG.c.o                                      0    164      2
  EEPROM.c.o                                   0    628      0
  FIFO.c.o                                     0    139      0
  packet.c.o                                  18    247      0
  SCI.c.o                                    524    212      4
  SPI.c.o                                      0    124      0
  timer.c.o                                    0   1332      0
  HMI.c.o                                     22   1985   1404
  buttons.c.o                                  0     16      0
  LCD.c.o                                      0    786     17
  calc.c.o                                     0    128      0
  DEM.c.o                                      6    184      0
  other                                      256     12      7

*********************************************************************************************
SECTION USE IN OBJECT-ALLOCATION SECTION
---------------------------------------------------------------------------------------------
SECTION: ".text"
  main HandlePacket MCCNT_ISR ECTCh0_ISR HandleStartupPacket 
  HandleSpecialPacket HandleNumberPacket HandleModePacket 
  HandleEEPROMProgramPacket HandleEEPROMGetPacket HandleTimePacket 
  HandlePacketModePacket HandleAnalogValPacket HandleTestModePacket 
  HandleTariffPacket HandleTime1Packet HandleTime2Packet HandlePowerPacket 
  HandleEnergyPacket HandleCostPacket HandleFrequencyPacket 
  HandleVoltageRMSPacket HandleCurrentRMSPacket HandlePowerFactorPacket 
  Analog_Setup Analog_Get Analog_Put Clock_Setup Clock_Update CRG_SetupPLL 
  CRG_SetupCOP CRG_SetupRTI CRG_RTI_ISR EEPROM_Setup EEPROM_Write32 
  EEPROM_Write16 EEPROM_Write8 EEPROM_Erase Write FIFO_Init FIFO_Put FIFO_Get 
  Packet_Setup Packet_Put Packet_Get shuffleFSM SCI_Setup SCI_InChar 
  SCI_OutChar SendData SCI0_ISR TIE7_ISR SPI_Setup SPI_ExchangeChar 
  Timer_SetupPeriodicTimer Timer_PeriodicTimerEnable Timer_Setup Timer_Init 
  Timer_Enable Timer_Enabled Timer_Set HMI_Setup HMI_Update TIE5_ISR CreateMenu 
  HandleButtonPress CycleData RevertSettings MoveUp MoveDown SelectItem 
  Buttons_Get LCD_Setup LCD_Clear LCD_ClearLine LCD_CursorHome LCD_TextHome 
  LCD_TextArea LCD_OutChar LCD_OutInteger LCD_OutString LCD_QNotation 
  LCD_SetFunction LCD_SetLine LCD_SetCursor SetCGAddress SetRAMAddress 
  StatusCheck WaitForReady WriteCommand WriteData Calculate_Power 
  Calculate_TotalEnergy Calculate_NormalToQNotation 
  Calculate_DigitalToQNotation DEM_Setup DEM_ArrayShift DEM_AveragePower 
  DEM_CurrentTariff 
SECTION: ".data"
  current 
SECTION: ".bss"
  PWM_MAIN_LOOP FSM StateIndex bSwapFlag RxFIFO TxFIFO X Y ItemSelected 
  TempContrast TempBacklight TempMCNb TempProtMode TempDebug Interval 
  LCDPrevState LCDCurrentState PBState PrevPBState voltage 
SECTION: ".init"
  Init _Startup 
SECTION: ".rodata"
  Timer_Ch7_Delay DEM_VoltageTable3 DEM_CurrentTable3 
SECTION: ".rodata1"
  STRING.METERING.TIME....1 STRING.xx.xx.xx.xx.2 STRING...3 STRING...4 
  STRING...5 STRING..................6 STRING..................7 
  STRING.Test.Mode...8 STRING.ON..9 STRING.OFF.10 STRING.Tariff...11 
  STRING.Rate...12 STRING.......CYC........13 STRING.AVERAGE.POWER....14 
  STRING.......15 STRING.W.16 STRING..................17 
  STRING..................18 STRING.Test.Mode...19 STRING.ON..20 STRING.OFF.21 
  STRING.Tariff...22 STRING.Rate...23 STRING.......CYC........24 
  STRING.TOTAL.ENERGY....25 STRING.xxx.xxx.26 STRING.kWh.27 
  STRING..................28 STRING..................29 STRING.Test.Mode...30 
  STRING.ON..31 STRING.OFF.32 STRING.Tariff...33 STRING.Rate...34 
  STRING.......CYC........35 STRING.TOTAL.COST.......36 STRING.xxxx.xx.37 
  STRING...38 STRING...39 STRING..................40 STRING..................41 
  STRING..................42 STRING.Test.Mode...43 STRING.ON..44 STRING.OFF.45 
  STRING.Tariff...46 STRING.Rate...47 STRING.......CYC........48 
  STRING.ES.Group.13.MENU.49 STRING..ModCon.Nb..50 STRING..Version...V1.0..51 
  STRING..Debug......52 STRING.ON..53 STRING.OFF.54 STRING..Prot.Mode..55 
  STRING.ASYN..56 STRING.SYNC..57 STRING..................58 
  STRING..................59 STRING.......MENU.......60 
  STRING...Settings.MENU..61 STRING..ModCon.Settings.62 
  STRING..LCD.Settings....63 STRING..................64 
  STRING..................65 STRING..................66 
  STRING..................67 STRING.UP.DN....SEL.BAK.68 
  STRING..LCD.Settings....69 STRING..Contrast.....70 STRING..Backlight....71 
  STRING.ON..72 STRING.OFF.73 STRING..................74 
  STRING..................75 STRING..................76 
  STRING..................77 STRING.UP.DN.CY.SEL.SAV.78 
  STRING..ModCon.Settings.79 STRING..ModCon.Nb..80 STRING..Prot.Mode..81 
  STRING.ASYN..82 STRING.SYNC..83 STRING..Debug......84 STRING.ON..85 
  STRING.OFF.86 STRING..................87 STRING..................88 
  STRING..................89 STRING.UP.DN.CY.SEL.SAV.90 
  STRING.ES.Group.13.MENU.91 STRING..................92 
  STRING.Would.you.like...93 STRING.to.save.your.....94 
  STRING.changes..........95 STRING..................96 
  STRING..................97 STRING.YES...........NO.98 
  STRING.ES.Group.13.MENU.99 STRING..................100 
  STRING.Your.new.setting.101 STRING.have.been.saved..102 
  STRING.successfully.....103 STRING..................104 
  STRING..................105 STRING..................106 
  STRING..Contrast.....107 STRING..Backlight....108 STRING.ON..109 
  STRING.OFF.110 STRING..ModCon.Nb..111 STRING..Prot.Mode..112 STRING.ASYN..113 
  STRING.SYNC..114 STRING..Debug......115 STRING.ON..116 STRING.OFF.117 
  STRING..................1 
SECTION: ".abs_section_8"
  _PORTE 
SECTION: ".abs_section_9"
  _DDRE 
SECTION: ".abs_section_a"
  _PEAR 
SECTION: ".abs_section_b"
  _MODE 
SECTION: ".abs_section_c"
  _PUCR 
SECTION: ".abs_section_d"
  _RDRIV 
SECTION: ".abs_section_e"
  _EBICTL 
SECTION: ".abs_section_10"
  _INITRM 
SECTION: ".abs_section_11"
  _INITRG 
SECTION: ".abs_section_12"
  _INITEE 
SECTION: ".abs_section_13"
  _MISC 
SECTION: ".abs_section_15"
  _ITCR 
SECTION: ".abs_section_16"
  _ITEST 
SECTION: ".abs_section_1c"
  _MEMSIZ0 
SECTION: ".abs_section_1d"
  _MEMSIZ1 
SECTION: ".abs_section_1e"
  _INTCR 
SECTION: ".abs_section_1f"
  _HPRIO 
SECTION: ".abs_section_28"
  _BKPCT0 
SECTION: ".abs_section_29"
  _BKPCT1 
SECTION: ".abs_section_2a"
  _BKP0X 
SECTION: ".abs_section_2b"
  _BKP0H 
SECTION: ".abs_section_2c"
  _BKP0L 
SECTION: ".abs_section_2d"
  _BKP1X 
SECTION: ".abs_section_2e"
  _BKP1H 
SECTION: ".abs_section_2f"
  _BKP1L 
SECTION: ".abs_section_30"
  _PPAGE 
SECTION: ".abs_section_32"
  _PORTK 
SECTION: ".abs_section_33"
  _DDRK 
SECTION: ".abs_section_34"
  _SYNR 
SECTION: ".abs_section_35"
  _REFDV 
SECTION: ".abs_section_37"
  _CRGFLG 
SECTION: ".abs_section_38"
  _CRGINT 
SECTION: ".abs_section_39"
  _CLKSEL 
SECTION: ".abs_section_3a"
  _PLLCTL 
SECTION: ".abs_section_3b"
  _RTICTL 
SECTION: ".abs_section_3c"
  _COPCTL 
SECTION: ".abs_section_3f"
  _ARMCOP 
SECTION: ".abs_section_40"
  _TIOS 
SECTION: ".abs_section_41"
  _CFORC 
SECTION: ".abs_section_42"
  _OC7M 
SECTION: ".abs_section_43"
  _OC7D 
SECTION: ".abs_section_46"
  _TSCR1 
SECTION: ".abs_section_47"
  _TTOV 
SECTION: ".abs_section_48"
  _TCTL1 
SECTION: ".abs_section_49"
  _TCTL2 
SECTION: ".abs_section_4a"
  _TCTL3 
SECTION: ".abs_section_4b"
  _TCTL4 
SECTION: ".abs_section_4c"
  _TIE 
SECTION: ".abs_section_4d"
  _TSCR2 
SECTION: ".abs_section_4e"
  _TFLG1 
SECTION: ".abs_section_4f"
  _TFLG2 
SECTION: ".abs_section_60"
  _PACTL 
SECTION: ".abs_section_61"
  _PAFLG 
SECTION: ".abs_section_66"
  _MCCTL 
SECTION: ".abs_section_67"
  _MCFLG 
SECTION: ".abs_section_68"
  _ICPAR 
SECTION: ".abs_section_69"
  _DLYCT 
SECTION: ".abs_section_6a"
  _ICOVW 
SECTION: ".abs_section_6b"
  _ICSYS 
SECTION: ".abs_section_70"
  _PBCTL 
SECTION: ".abs_section_71"
  _PBFLG 
SECTION: ".abs_section_86"
  _ATD0STAT0 
SECTION: ".abs_section_89"
  _ATD0TEST1 
SECTION: ".abs_section_8b"
  _ATD0STAT1 
SECTION: ".abs_section_8d"
  _ATD0DIEN 
[...]
Timer_Setup               USES _TSCR1 _DDRT _TSCR2 _PTT 
Timer_Init                USES _CASE_CHECKED Timer_Init _TIOS 
                                _CASE_CHECKED_BYTE _TCTL2 _TCTL4 _TTOV _TIE _TCTL1 _TCTL3 
Timer_Enable              USES _CASE_CHECKED_BYTE _TIE 
Timer_Enabled             USES _CASE_CHECKED_BYTE _TIE 
Timer_Set                 USES _CASE_CHECKED_BYTE _TC0 _TC1 _TC2 _TC3 _TC4 
                                _TC5 _TC6 _TC7 _TCNT 
HMI_Setup                 USES _DDRK _DDRAB LCD_Setup Y CreateMenu 
                                TempContrast _PORTAB TempBacklight TempMCNb TempProtMode 
                                TempDebug Interval ItemSelected LCDPrevState 
HMI_Update                USES LCDCurrentState CreateMenu 
TIE5_ISR                  USES _TFLG1 PBState Buttons_Get PrevPBState 
                                LCDPrevState HandleButtonPress Interval RevertSettings 
CreateMenu                USES LCD_SetCursor X Y LCD_Clear _CASE_CHECKED 
                                CreateMenu STRING.METERING.TIME....1 System_Days 
                                STRING.xx.xx.xx.xx.2 LCD_OutString STRING...3 System_Hours 
                                STRING...4 System_Minutes STRING...5 System_Seconds 
                                STRING..................6 STRING..................7 STRING.Test.Mode...8 
                                STRING.ON..9 STRING.OFF.10 STRING.Tariff...11 
                                STRING.Rate...12 STRING.......CYC........13 
                                STRING.AVERAGE.POWER....14 STRING.......15 DEM_Average_Power STRING.W.16 
                                STRING..................17 STRING..................18 
                                STRING.Test.Mode...19 STRING.ON..20 STRING.OFF.21 STRING.Tariff...22 
                                STRING.Rate...23 STRING.......CYC........24 
                                STRING.TOTAL.ENERGY....25 DEM_Total_Energy STRING.xxx.xxx.26 
                                STRING.kWh.27 STRING..................28 
                                STRING..................29 STRING.Test.Mode...30 STRING.ON..31 
                                STRING.OFF.32 STRING.Tariff...33 STRING.Rate...34 
                                STRING.......CYC........35 STRING.TOTAL.COST.......36 DEM_Total_Cost 
                                STRING.xxxx.xx.37 STRING...38 STRING...39 
                                STRING..................40 STRING..................41 
                                STRING..................42 STRING.Test.Mode...43 STRING.ON..44 
                                STRING.OFF.45 STRING.Tariff...46 STRING.Rate...47 
                                STRING.......CYC........48 LCDCurrentState STRING.ES.Group.13.MENU.49 
                                STRING..ModCon.Nb..50 STRING..Version...V1.0..51 
                                STRING..Debug......52 STRING.ON..53 STRING.OFF.54 LCD_SetLine 
                                STRING..Prot.Mode..55 STRING.ASYN..56 STRING.SYNC..57 
                                STRING..................58 STRING..................59 
                                STRING.......MENU.......60 STRING...Settings.MENU..61 
                                STRING..ModCon.Settings.62 STRING..LCD.Settings....63 
                                STRING..................64 STRING..................65 
                                STRING..................66 STRING..................67 
                                STRING.UP.DN....SEL.BAK.68 STRING..LCD.Settings....69 
                                STRING..Contrast.....70 LCD_OutInteger STRING..Backlight....71 _PORTAB 
                                STRING.ON..72 STRING.OFF.73 STRING..................74 
                                STRING..................75 STRING..................76 
                                STRING..................77 STRING.UP.DN.CY.SEL.SAV.78 
                                STRING..ModCon.Settings.79 STRING..ModCon.Nb..80 STRING..Prot.Mode..81 
                                STRING.ASYN..82 STRING.SYNC..83 STRING..Debug......84 
                                STRING.ON..85 STRING.OFF.86 STRING..................87 
                                STRING..................88 STRING..................89 
                                STRING.UP.DN.CY.SEL.SAV.90 STRING.ES.Group.13.MENU.91 
                                STRING..................92 STRING.Would.you.like...93 
                                STRING.to.save.your.....94 STRING.changes..........95 
                                STRING..................96 STRING..................97 
                                STRING.YES...........NO.98 STRING.ES.Group.13.MENU.99 
                                STRING..................100 STRING.Your.new.setting.101 
                                STRING.have.been.saved..102 STRING.successfully.....103 
                                STRING..................104 STRING..................105 
                                STRING..................106 LCDPrevState LCD_QNotation LCD_SetFunction 
HandleButtonPress         USES _CASE_CHECKED HandleButtonPress 
                                _CASE_SEARCH_8_BYTE MoveUp MoveDown CycleData SelectItem TempDebug 
                                EEPROM_Write16 TempProtMode TempMCNb TempBacklight _PORTAB 
                                TempContrast LCD_SetFunction CreateMenu RevertSettings 
CycleData                 USES Y ItemSelected CycleData 
                                STRING..Contrast.....107 LCD_OutString TempContrast LCD_OutInteger 
                                TempBacklight STRING..Backlight....108 STRING.ON..109 
                                STRING.OFF.110 STRING..ModCon.Nb..111 TempMCNb TempProtMode 
                                STRING..Prot.Mode..112 STRING.ASYN..113 STRING.SYNC..114 TempDebug 
                                LCD_ClearLine LCD_SetLine STRING..Debug......115 
                                STRING.ON..116 STRING.OFF.117 
RevertSettings            USES TempContrast _PORTAB TempBacklight TempMCNb 
                                TempProtMode TempDebug 
MoveUp                    USES ItemSelected Y X LCD_SetCursor 
MoveDown                  USES ItemSelected Y X LCD_SetCursor 
SelectItem                USES _CASE_CHECKED_BYTE Y CreateMenu ItemSelected 
Buttons_Get               USES _PORTK _TFLG1 
LCD_Setup                 USES _PORTAB LCD_SetFunction SetRAMAddress 
                                LCD_CursorHome LCD_TextHome LCD_TextArea WriteCommand 
                                LCD_Clear Timer_Init Timer_Set Timer_Enable 
LCD_Clear                 USES SetRAMAddress LCD_ClearLine 
LCD_ClearLine             USES LCD_SetLine STRING..................1 
                                LCD_OutString 
LCD_CursorHome            USES SetCGAddress 
LCD_TextHome              USES WriteData WriteCommand 
LCD_TextArea              USES WriteData WriteCommand 
LCD_OutChar               USES WriteData WriteCommand 
LCD_OutInteger            USES _BDIVMODU LCD_OutChar 
LCD_OutString             USES LCD_OutChar 
LCD_QNotation             USES LCD_QNotation LCD_OutChar 
LCD_SetFunction           USES _PORTAB 
LCD_SetLine               USES SetRAMAddress 
LCD_SetCursor             USES SetCGAddress 
SetCGAddress              USES WriteData WriteCommand 
SetRAMAddress             USES WriteData WriteCommand 
StatusCheck               USES _DDRAB _PORTAB 
WaitForReady              USES StatusCheck 
WriteCommand              USES WaitForReady _DDRAB _PORTAB 
WriteData                 USES WaitForReady _DDRAB _PORTAB 
Calculate_Power           USES _ILSEXT Calculate_DigitalToQNotation 
                                Analog_Input 
Calculate_TotalEnergy     USES DEM_Total_Energy 
Calculate_NormalToQNotation USES _LSHL 
Calculate_DigitalToQNotation USES _LMULS16x32 _LDIVS 
                                Calculate_NormalToQNotation 
DEM_Setup                 USES DEM_Total_Energy DEM_Average_Power 
                                DEM_Total_Cost 
DEM_AveragePower          USES voltage current Calculate_Power DEM_Power_Array 
                                totalPower DEM_Average_Power 
DEM_CurrentTariff         USES System_Hours EEPROM_Write16 
_LMULS16x32               USES _LNEG 
_LDIVU                    USES _lDivMod 
_LDIVS                    USES _NEG_P _lDivMod 
_Vector_26                USES MCCNT_ISR 
_Vector_20                USES SCI0_ISR 
_Vector_15                USES TIE7_ISR 
_Vector_13                USES TIE5_ISR 
_Vector_8                 USES ECTCh0_ISR 
_Vector_7                 USES CRG_RTI_ISR 

*********************************************************************************************
DEPENDENCY TREE
*********************************************************************************************
 main and _Startup Group
 | 
 +- main                
 |  | 
 |  +- Packet_Setup        
 |  |  | 
 |  |  +- SCI_Setup           
 |  |     | 
 |  |     +- _LDIVU              
 |  |     |  | 
 |  |     |  +- _lDivMod            
 |  |     |       
 |  |     +- _LSHRU              
 |  |     |    
 |  |     +- FIFO_Init           
 |  |          
 |  +- EEPROM_Setup        
 |  |  | 
 |  |  +- EEPROM_Write16      
 |  |     | 
 |  |     +- EEPROM_Write32      
 |  |        | 
 |  |        +- Write               
 |  |             
 |  +- CRG_SetupPLL        
 |  |  | 
 |  |  +- _LDIVU               (see above)
 |  |     
 |  +- CRG_SetupCOP        
 |  |    
 |  +- Clock_Setup         
 |  |  | 
 |  |  +- CRG_SetupRTI        
 |  |       
 |  +- Analog_Setup        
 |  |  | 
 |  |  +- SPI_Setup           
 |  |       
 |  +- Timer_Setup         
 |  |    
 |  +- Timer_PeriodicTimerEnable
 |  |    
 |  +- Timer_SetupPeriodicTimer
 |  |  | 
 |  |  +- _LDIVU               (see above)
 |  |     
 |  +- Timer_Init          
 |  |  | 
 |  |  +- _CASE_CHECKED       
 |  |  |    
 |  |  +- _CASE_CHECKED_BYTE  
 |  |       
 |  +- Timer_Set           
 |  |  | 
 |  |  +- _CASE_CHECKED_BYTE   (see above)
 |  |     
 |  +- Timer_Enable        
 |  |  | 
 |  |  +- _CASE_CHECKED_BYTE   (see above)
 |  |     
 |  +- HMI_Setup           
 |  |  | 
 |  |  +- LCD_Setup           
 |  |  |  | 
 |  |  |  +- LCD_SetFunction     
 |  |  |  |    
 |  |  |  +- SetRAMAddress       
 |  |  |  |  | 
 |  |  |  |  +- WriteData           
 |  |  |  |  |  | 
 |  |  |  |  |  +- WaitForReady        
 |  |  |  |  |     | 
 |  |  |  |  |     +- StatusCheck         
 |  |  |  |  |          
 |  |  |  |  +- WriteCommand        
 |  |  |  |     | 
 |  |  |  |     +- WaitForReady         (see above)
 |  |  |  |        
 |  |  |  +- LCD_CursorHome      
 |  |  |  |  | 
 |  |  |  |  +- SetCGAddress        
 |  |  |  |     | 
 |  |  |  |     +- WriteData            (see above)
 |  |  |  |     |  
 |  |  |  |     +- WriteCommand         (see above)
 |  |  |  |        
 |  |  |  +- LCD_TextHome        
 |  |  |  |  | 
 |  |  |  |  +- WriteData            (see above)
 |  |  |  |  |  
 |  |  |  |  +- WriteCommand         (see above)
 |  |  |  |     
 |  |  |  +- LCD_TextArea        
 |  |  |  |  | 
 |  |  |  |  +- WriteData            (see above)
 |  |  |  |  |  
 |  |  |  |  +- WriteCommand         (see above)
 |  |  |  |     
 |  |  |  +- WriteCommand         (see above)
 |  |  |  |  
 |  |  |  +- LCD_Clear           
 |  |  |  |  | 
 |  |  |  |  +- SetRAMAddress        (see above)
 |  |  |  |  |  
 |  |  |  |  +- LCD_ClearLine       
 |  |  |  |     | 
 |  |  |  |     +- LCD_SetLine         
 |  |  |  |     |  | 
 |  |  |  |     |  +- SetRAMAddress        (see above)
 |  |  |  |     |     
 |  |  |  |     +- LCD_OutString       
 |  |  |  |        | 
 |  |  |  |        +- LCD_OutChar         
 |  |  |  |           | 
 |  |  |  |           +- WriteData            (see above)
 |  |  |  |           |  
 |  |  |  |           +- WriteCommand         (see above)
 |  |  |  |              
 |  |  |  +- Timer_Init           (see above)
 |  |  |  |  
 |  |  |  +- Timer_Set            (see above)
 |  |  |  |  
 |  |  |  +- Timer_Enable         (see above)
 |  |  |     
 |  |  +- CreateMenu          
 |  |     | 
 |  |     +- LCD_SetCursor       
 |  |     |  | 
 |  |     |  +- SetCGAddress         (see above)
 |  |     |     
 |  |     +- LCD_Clear            (see above)
 |  |     |  
 |  |     +- _CASE_CHECKED        (see above)
 |  |     |  
 |  |     +- LCD_OutString        (see above)
 |  |     |  
 |  |     +- LCD_SetLine          (see above)
 |  |     |  
 |  |     +- LCD_OutInteger      
 |  |     |  | 
 |  |     |  +- _BDIVMODU           
 |  |     |  |    
 |  |     |  +- LCD_OutChar          (see above)
 |  |     |     
 |  |     +- LCD_QNotation       
 |  |     |  | 
 |  |     |  +- LCD_OutChar          (see above)
 |  |     |     
 |  |     +- LCD_SetFunction      (see above)
 |  |        
 |  +- DEM_Setup           
 |  |    
 |  +- HandleStartupPacket 
 |  |  | 
 |  |  +- Packet_Put          
 |  |  |  | 
 |  |  |  +- Timer_Enabled       
 |  |  |  |  | 
 |  |  |  |  +- _CASE_CHECKED_BYTE   (see above)
 |  |  |  |     
 |  |  |  +- Timer_Enable         (see above)
 |  |  |  |  
 |  |  |  +- SCI_OutChar         
 |  |  |     | 
 |  |  |     +- FIFO_Put            
 |  |  |     |    
 |  |  |     +- SendData            
 |  |  |        | 
 |  |  |        +- FIFO_Get            
 |  |  |        |    
 |  |  |        +- Timer_Enable         (see above)
 |  |  |        |  
 |  |  |        +- Timer_Set            (see above)
 |  |  |           
 |  |  +- HandleSpecialPacket 
 |  |  |  | 
 |  |  |  +- EEPROM_Write16       (see above)
 |  |  |  |  
 |  |  |  +- HandleTimePacket    
 |  |  |  |  | 
 |  |  |  |  +- Packet_Put           (see above)
 |  |  |  |     
 |  |  |  +- Packet_Put           (see above)
 |  |  |     
 |  |  +- HandleNumberPacket  
 |  |  |  | 
 |  |  |  +- Packet_Put           (see above)
 |  |  |     
 |  |  +- HandleModePacket    
 |  |     | 
 |  |     +- Packet_Put           (see above)
 |  |        
 |  +- Packet_Get          
 |  |  | 
 |  |  +- SCI_InChar          
 |  |  |  | 
 |  |  |  +- FIFO_Get             (see above)
 |  |  |     
 |  |  +- shuffleFSM          
 |  |       
 |  +- HandlePacket        
 |  |  | 
 |  |  +- _CASE_CHECKED_BYTE   (see above)
 |  |  |  
 |  |  +- HandleStartupPacket  (see above)
 |  |  |  
 |  |  +- HandleSpecialPacket  (see above)
 |  |  |  
 |  |  +- HandleNumberPacket   (see above)
 |  |  |  
 |  |  +- HandleModePacket     (see above)
 |  |  |  
 |  |  +- HandleEEPROMProgramPacket
 |  |  |  | 
 |  |  |  +- EEPROM_Erase        
 |  |  |  |  | 
 |  |  |  |  +- Write                (see above)
 |  |  |  |     
 |  |  |  +- EEPROM_Write8       
 |  |  |     | 
 |  |  |     +- EEPROM_Write16       (see above)
 |  |  |        
 |  |  +- HandleEEPROMGetPacket
 |  |  |  | 
 |  |  |  +- Packet_Put           (see above)
 |  |  |     
 |  |  +- HandlePacketModePacket
 |  |  |  | 
 |  |  |  +- EEPROM_Write16       (see above)
 |  |  |  |  
 |  |  |  +- Packet_Put           (see above)
 |  |  |     
 |  |  +- HandleTestModePacket
 |  |  |  | 
 |  |  |  +- Packet_Put           (see above)
 |  |  |  |  
 |  |  |  +- EEPROM_Write16       (see above)
 |  |  |     
 |  |  +- HandleTariffPacket  
 |  |  |  | 
 |  |  |  +- Packet_Put           (see above)
 |  |  |  |  
 |  |  |  +- EEPROM_Write16       (see above)
 |  |  |     
 |  |  +- HandleTime1Packet   
 |  |  |  | 
 |  |  |  +- Packet_Put           (see above)
 |  |  |     
 |  |  +- HandleTime2Packet   
 |  |  |  | 
 |  |  |  +- Packet_Put           (see above)
 |  |  |     
 |  |  +- HandlePowerPacket   
 |  |  |  | 
 |  |  |  +- Packet_Put           (see above)
 |  |  |     
 |  |  +- HandleEnergyPacket  
 |  |  |  | 
 |  |  |  +- Packet_Put           (see above)
 |  |  |     
 |  |  +- HandleCostPacket    
 |  |  |  | 
 |  |  |  +- Packet_Put           (see above)
 |  |  |     
 |  |  +- HandleFrequencyPacket
 |  |  |    
 |  |  +- HandleVoltageRMSPacket
 |  |  |    
 |  |  +- HandleCurrentRMSPacket
 |  |  |    
 |  |  +- HandlePowerFactorPacket
 |  |  |    
 |  |  +- Packet_Put           (see above)
 |  |     
 |  +- Clock_Update        
 |  |  | 
 |  |  +- _LDIVS              
 |  |  |  | 
 |  |  |  +- _NEG_P              
 |  |  |  |    
 |  |  |  +- _lDivMod             (see above)
 |  |  |     
 |  |  +- _LCMP               
 |  |       
 |  +- HandleTimePacket     (see above)
 |  |  
 |  +- DEM_CurrentTariff   
 |  |  | 
 |  |  +- EEPROM_Write16       (see above)
 |  |     
 |  +- DEM_AveragePower    
 |  |  | 
 |  |  +- Calculate_Power     
 |  |     | 
 |  |     +- _ILSEXT             
 |  |     |    
 |  |     +- Calculate_DigitalToQNotation
 |  |        | 
 |  |        +- _LMULS16x32         
 |  |        |  | 
 |  |        |  +- _LNEG               
 |  |        |       
 |  |        +- _LDIVS               (see above)
 |  |        |  
 |  |        +- Calculate_NormalToQNotation
 |  |           | 
 |  |           +- _LSHL               
 |  |                
 |  +- Calculate_TotalEnergy
 |  |    
 |  +- HMI_Update          
 |     | 
 |     +- CreateMenu           (see above)
 |        
 +- _Startup            
    | 
    +- Init                
    |    
    +- main                 (see above)
       
 _Vector_26          
 | 
 +- MCCNT_ISR           
    | 
    +- HandleAnalogValPacket
       | 
       +- Packet_Put           (see above)
          
 _Vector_8           
 | 
 +- ECTCh0_ISR          
    | 
    +- DEM_ArrayShift      
    |    
    +- Analog_Put          
    |  | 
    |  +- SPI_ExchangeChar    
    |       
    +- Analog_Get          
       | 
       +- SPI_ExchangeChar     (see above)
          
 _Vector_7           
 | 
 +- CRG_RTI_ISR         
      
 _Vector_20          
 | 
 +- SCI0_ISR            
    | 
    +- FIFO_Put             (see above)
       
 _Vector_15          
 | 
 +- TIE7_ISR            
    | 
    +- SendData             (see above)
       
 _Vector_13          
 | 
 +- TIE5_ISR            
    | 
    +- Buttons_Get         
    |    
    +- HandleButtonPress   
    |  | 
    |  +- _CASE_CHECKED        (see above)
    |  |  
    |  +- _CASE_SEARCH_8_BYTE 
    |  |    
    |  +- MoveUp              
    |  |  | 
    |  |  +- LCD_SetCursor        (see above)
    |  |     
    |  +- MoveDown            
    |  |  | 
    |  |  +- LCD_SetCursor        (see above)
    |  |     
    |  +- CycleData           
    |  |  | 
    |  |  +- LCD_OutString        (see above)
    |  |  |  
    |  |  +- LCD_OutInteger       (see above)
    |  |  |  
    |  |  +- LCD_ClearLine        (see above)
    |  |  |  
    |  |  +- LCD_SetLine          (see above)
    |  |     
    |  +- SelectItem          
    |  |  | 
    |  |  +- _CASE_CHECKED_BYTE   (see above)
    |  |  |  
    |  |  +- CreateMenu           (see above)
    |  |     
    |  +- EEPROM_Write16       (see above)
    |  |  
    |  +- LCD_SetFunction      (see above)
    |  |  
    |  +- CreateMenu           (see above)
    |  |  
    |  +- RevertSettings      
    |       
    +- RevertSettings       (see above)
       
*********************************************************************************************
STATISTIC SECTION
---------------------------------------------------------------------------------------------

ExeFile:
--------
Number of blocks to be downloaded: 14
Total size of all blocks to be downloaded: 10197

